[www.oceansatlas.org/subtopic/en/c/1303/index.html]
[backblue.gif]
[fade.gif]
[index.html]
[www.oceansatlas.org/typo3temp/stylesheet_8d699fc9bde301.css]
[www.oceansatlas.org/fileadmin/templates/oceanatlas/style2538.css]
[www.oceansatlas.org/fileadmin/templates/faoweb/scripts/main3dd5.js]
[www.oceansatlas.org/fileadmin/templates/faoweb/scripts/plugins3dd5.js]
[www.oceansatlas.org/fileadmin/scripts/jquery/jquery-1.8.3.min0c7c.js]
[www.oceansatlas.org/fileadmin/templates/faoweb/scripts/vendor/modernizr-2.6.2.min3dd5.js]
[www.oceansatlas.org/typo3conf/ext/rgaccordion/res/rgaccordion_jqueryb465.js]
[www.oceansatlas.org/fileadmin/templates/faoweb/scripts/jquery.selectbox-0.2.min3dd5.js]
[www.oceansatlas.org/fileadmin/templates/faoweb/scripts/comm_funcc516.js]
[www.oceansatlas.org/fileadmin/scripts/jquery/plugin/iosslider/jquery.iosslider.min3402.js]
[www.oceansatlas.org/typo3temp/javascript_93077bb238f6c6.js]
[w.sharethis.com/button/buttons.js]
[www.oceansatlas.org/typo3conf/ext/dyna_fef/jquery/js/jquery-1.11.1.min.js]
[www.oceansatlas.org/typo3conf/ext/dyna_fef/jquery/ext/jquery.MultiFile.js]
[www.oceansatlas.org/typo3conf/ext/dyna_fef/jquery/ext/jQueryRotateCompressed.2.2.js]
[www.oceansatlas.org/fileadmin/templates/oceanatlas/img/oa-banner.jpg]
[www.google-analytics.com/analytics.js]
[www.oceansatlas.org/subtopic/en/c/1303/index.html]
[www.oceansatlas.org/fileadmin/templates/oceanatlas/js/breadcrumbs.js]
[www.oceansatlas.org/typo3conf/ext/doodo_chcforumteaser/res/arrow_down.gif]
[www.oceansatlas.org/typo3conf/ext/doodo_chcforumteaser/res/arrow_right.gif]
[www.oceansatlas.org/typo3conf/ext/doodo_chcforumteaser/res/action_go.gif]
[www.oceansatlas.org/typo3temp/stylesheet_8d699fc9bde301.css]
[www.fao.org/fileadmin/templates/oceanatlas/img/home-about.jpg]
[www.fao.org/fileadmin/templates/oceanatlas/img/home-issues.jpg]
[www.fao.org/fileadmin/templates/oceanatlas/img/home-uses.jpg]
[www.fao.org/fileadmin/templates/oceanatlas/img/home-geography.jpg]
[www.fao.org/fileadmin/templates/oceanatlas/img/ajax-loader.gif]
[www.oceansatlas.org/fileadmin/templates/oceanatlas/style2538.css]
